// Jest Snapshot v1, https://goo.gl/fbAQLP

exports[`should match snapshot for anonymous user 1`] = `
<DocumentFragment>
  <div>
    <p>
      You need an account to access this page.
    </p>
    <p>
      Have an account already? 
      <a
        href="/login"
      >
        Login!
      </a>
    </p>
    <p>
      Otherwise, 
      <a
        href="/register"
      >
        Register here
      </a>
      .
    </p>
  </div>
</DocumentFragment>
`;

exports[`should match snapshot if logged in 1`] = `
<DocumentFragment>
  <div>
    <p>
      Hello testuser!
    </p>
    <table
      class="table"
    >
      <thead>
        <tr>
          <th>
            Morning Step
          </th>
          <th>
            You are using:
          </th>
        </tr>
      </thead>
      <tbody>
        <tr>
          <td>
            Makeup Remover and Oil Cleanser
          </td>
          <td>
            <button
              class="btn btn-info"
              type="button"
            >
              Find Product
            </button>
          </td>
        </tr>
        <tr>
          <td>
            Water Based Cleanser
          </td>
          <td>
            <button
              class="btn btn-info"
              type="button"
            >
              Find Product
            </button>
          </td>
        </tr>
        <tr>
          <td>
            Exfoliator
          </td>
          <td>
            <button
              class="btn btn-info"
              type="button"
            >
              Find Product
            </button>
          </td>
        </tr>
      </tbody>
      <thead>
        <tr>
          <th>
            Night Step
          </th>
          <th>
            You are using:
          </th>
        </tr>
      </thead>
      <tbody>
        <tr>
          <td>
            Makeup Remover and Oil Cleanser
          </td>
          <td>
            <button
              class="btn btn-info"
              type="button"
            >
              Find Product
            </button>
          </td>
        </tr>
        <tr>
          <td>
            Water Based Cleanser
          </td>
          <td>
            <button
              class="btn btn-info"
              type="button"
            >
              Find Product
            </button>
          </td>
        </tr>
        <tr>
          <td>
            Exfoliator
          </td>
          <td>
            <button
              class="btn btn-info"
              type="button"
            >
              Find Product
            </button>
          </td>
        </tr>
      </tbody>
    </table>
  </div>
</DocumentFragment>
`;
